Archive member included because of file (symbol)

c:/freescale/kds_v3/toolchain/bin/../lib/gcc/arm-none-eabi/4.8.4/../../../../arm-none-eabi/lib/armv7e-m/fpu\libg_s.a(lib_a-exit.o)
                              c:/freescale/kds_v3/toolchain/bin/../lib/gcc/arm-none-eabi/4.8.4/../../../../arm-none-eabi/lib/armv7e-m/fpu/crt0.o (exit)
c:/freescale/kds_v3/toolchain/bin/../lib/gcc/arm-none-eabi/4.8.4/../../../../arm-none-eabi/lib/armv7e-m/fpu\libg_s.a(lib_a-impure.o)
                              c:/freescale/kds_v3/toolchain/bin/../lib/gcc/arm-none-eabi/4.8.4/../../../../arm-none-eabi/lib/armv7e-m/fpu\libg_s.a(lib_a-exit.o) (_global_impure_ptr)
c:/freescale/kds_v3/toolchain/bin/../lib/gcc/arm-none-eabi/4.8.4/../../../../arm-none-eabi/lib/armv7e-m/fpu\libg_s.a(lib_a-init.o)
                              c:/freescale/kds_v3/toolchain/bin/../lib/gcc/arm-none-eabi/4.8.4/../../../../arm-none-eabi/lib/armv7e-m/fpu/crt0.o (__libc_init_array)
c:/freescale/kds_v3/toolchain/bin/../lib/gcc/arm-none-eabi/4.8.4/../../../../arm-none-eabi/lib/armv7e-m/fpu\libg_s.a(lib_a-memcpy-stub.o)
                              ./Generated_Code/queue.o (memcpy)
c:/freescale/kds_v3/toolchain/bin/../lib/gcc/arm-none-eabi/4.8.4/../../../../arm-none-eabi/lib/armv7e-m/fpu\libg_s.a(lib_a-memset.o)
                              c:/freescale/kds_v3/toolchain/bin/../lib/gcc/arm-none-eabi/4.8.4/../../../../arm-none-eabi/lib/armv7e-m/fpu/crt0.o (memset)
c:/freescale/kds_v3/toolchain/bin/../lib/gcc/arm-none-eabi/4.8.4/../../../../arm-none-eabi/lib/armv7e-m/fpu\libg_s.a(lib_a-strchr.o)
                              ./Generated_Code/UTIL1.o (strchr)
c:/freescale/kds_v3/toolchain/bin/../lib/gcc/arm-none-eabi/4.8.4/../../../../arm-none-eabi/lib/armv7e-m/fpu\libg_s.a(lib_a-strlen.o)
                              ./Generated_Code/UTIL1.o (strlen)
c:/freescale/kds_v3/toolchain/bin/../lib/gcc/arm-none-eabi/4.8.4/../../../../arm-none-eabi/lib/armv7e-m/fpu\libg_s.a(lib_a-strncmp.o)
                              ./Generated_Code/UTIL1.o (strncmp)
c:/freescale/kds_v3/toolchain/bin/../lib/gcc/arm-none-eabi/4.8.4/../../../../arm-none-eabi/lib/armv7e-m/fpu\libnosys.a(_exit.o)
                              c:/freescale/kds_v3/toolchain/bin/../lib/gcc/arm-none-eabi/4.8.4/../../../../arm-none-eabi/lib/armv7e-m/fpu\libg_s.a(lib_a-exit.o) (_exit)

Allocating common symbols
Common symbol       size              file

xQueueRegistry      0x28              ./Generated_Code/queue.o
SR_reg              0x1               ./Static_Code/System/CPU_Init.o

Discarded input sections

 .text          0x00000000        0x0 c:/freescale/kds_v3/toolchain/bin/../lib/gcc/arm-none-eabi/4.8.4/armv7e-m/fpu/crti.o
 .data          0x00000000        0x0 c:/freescale/kds_v3/toolchain/bin/../lib/gcc/arm-none-eabi/4.8.4/armv7e-m/fpu/crti.o
 .bss           0x00000000        0x0 c:/freescale/kds_v3/toolchain/bin/../lib/gcc/arm-none-eabi/4.8.4/armv7e-m/fpu/crti.o
 .data          0x00000000        0x4 c:/freescale/kds_v3/toolchain/bin/../lib/gcc/arm-none-eabi/4.8.4/armv7e-m/fpu/crtbegin.o
 .data          0x00000000        0x0 c:/freescale/kds_v3/toolchain/bin/../lib/gcc/arm-none-eabi/4.8.4/../../../../arm-none-eabi/lib/armv7e-m/fpu/crt0.o
 .bss           0x00000000        0x0 c:/freescale/kds_v3/toolchain/bin/../lib/gcc/arm-none-eabi/4.8.4/../../../../arm-none-eabi/lib/armv7e-m/fpu/crt0.o
 .ARM.extab     0x00000000        0x0 c:/freescale/kds_v3/toolchain/bin/../lib/gcc/arm-none-eabi/4.8.4/../../../../arm-none-eabi/lib/armv7e-m/fpu/crt0.o
 .group         0x00000000        0x8 ./Static_Code/System/CPU_Init.o
 .group         0x00000000        0x8 ./Static_Code/System/CPU_Init.o
 .group         0x00000000        0x8 ./Static_Code/System/CPU_Init.o
 .group         0x00000000        0x8 ./Static_Code/System/CPU_Init.o
 .group         0x00000000        0x8 ./Static_Code/System/CPU_Init.o
 .group         0x00000000        0x8 ./Static_Code/System/CPU_Init.o
 .group         0x00000000        0x8 ./Static_Code/System/CPU_Init.o
 .group         0x00000000        0x8 ./Static_Code/System/CPU_Init.o
 .group         0x00000000        0x8 ./Static_Code/System/CPU_Init.o
 .group         0x00000000        0x8 ./Static_Code/System/CPU_Init.o
 .group         0x00000000        0x8 ./Static_Code/System/CPU_Init.o
 .group         0x00000000        0x8 ./Static_Code/System/CPU_Init.o
 .group         0x00000000        0x8 ./Static_Code/System/CPU_Init.o
 .group         0x00000000        0x8 ./Static_Code/System/CPU_Init.o
 .group         0x00000000        0x8 ./Static_Code/System/CPU_Init.o
 .group         0x00000000        0x8 ./Static_Code/System/CPU_Init.o
 .group         0x00000000        0x8 ./Static_Code/System/CPU_Init.o
 .group         0x00000000        0x8 ./Static_Code/System/CPU_Init.o
 .group         0x00000000        0x8 ./Static_Code/System/CPU_Init.o
 .group         0x00000000        0x8 ./Static_Code/System/CPU_Init.o
 .group         0x00000000        0x8 ./Static_Code/System/CPU_Init.o
[...]
Memory Configuration

Name             Origin             Length             Attributes
m_interrupts     0x00000000         0x00000198         xr
m_text           0x00000410         0x000ffbf0         xr
m_data_1FFF0000  0x1fff0000         0x00010000         rw
m_data           0x20000000         0x00030000         rw
m_cfmprotrom     0x00000400         0x00000010         xr
*default*        0x00000000         0xffffffff

Linker script and memory map

LOAD c:/freescale/kds_v3/toolchain/bin/../lib/gcc/arm-none-eabi/4.8.4/armv7e-m/fpu/crti.o
LOAD c:/freescale/kds_v3/toolchain/bin/../lib/gcc/arm-none-eabi/4.8.4/armv7e-m/fpu/crtbegin.o
LOAD c:/freescale/kds_v3/toolchain/bin/../lib/gcc/arm-none-eabi/4.8.4/../../../../arm-none-eabi/lib/armv7e-m/fpu/crt0.o
LOAD ./Static_Code/System/CPU_Init.o
LOAD ./Static_Code/System/Peripherals_Init.o
LOAD ./Static_Code/System/Vectors.o
LOAD ./Sources/Application.o
LOAD ./Sources/Events.o
LOAD ./Sources/main.o
LOAD ./Project_Settings/Startup_Code/startup.o
LOAD ./Generated_Code/BitIoLdd1.o
LOAD ./Generated_Code/BitIoLdd2.o
LOAD ./Generated_Code/BitIoLdd3.o
LOAD ./Generated_Code/Cpu.o
LOAD ./Generated_Code/FRTOS1.o
LOAD ./Generated_Code/LED1.o
LOAD ./Generated_Code/LED2.o
LOAD ./Generated_Code/LED3.o
LOAD ./Generated_Code/LEDpin1.o
LOAD ./Generated_Code/LEDpin2.o
LOAD ./Generated_Code/LEDpin3.o
LOAD ./Generated_Code/MCUC1.o
LOAD ./Generated_Code/PE_LDD.o
LOAD ./Generated_Code/Pins1.o
LOAD ./Generated_Code/UTIL1.o
LOAD ./Generated_Code/croutine.o
LOAD ./Generated_Code/event_groups.o
LOAD ./Generated_Code/heap_1.o
LOAD ./Generated_Code/heap_2.o
LOAD ./Generated_Code/heap_3.o
LOAD ./Generated_Code/heap_4.o
LOAD ./Generated_Code/heap_5.o
LOAD ./Generated_Code/list.o
LOAD ./Generated_Code/mpu_wrappers.o
LOAD ./Generated_Code/port.o
LOAD ./Generated_Code/queue.o
LOAD ./Generated_Code/tasks.o
LOAD ./Generated_Code/timers.o
LOAD c:/freescale/kds_v3/toolchain/bin/../lib/gcc/arm-none-eabi/4.8.4/../../../../arm-none-eabi/lib/armv7e-m/fpu\libstdc++_s.a
LOAD c:/freescale/kds_v3/toolchain/bin/../lib/gcc/arm-none-eabi/4.8.4/../../../../arm-none-eabi/lib/armv7e-m/fpu\libm.a
START GROUP
LOAD c:/freescale/kds_v3/toolchain/bin/../lib/gcc/arm-none-eabi/4.8.4/armv7e-m/fpu\libgcc.a
LOAD c:/freescale/kds_v3/toolchain/bin/../lib/gcc/arm-none-eabi/4.8.4/../../../../arm-none-eabi/lib/armv7e-m/fpu\libg_s.a
LOAD c:/freescale/kds_v3/toolchain/bin/../lib/gcc/arm-none-eabi/4.8.4/../../../../arm-none-eabi/lib/armv7e-m/fpu\libc_s.a
END GROUP
START GROUP
LOAD c:/freescale/kds_v3/toolchain/bin/../lib/gcc/arm-none-eabi/4.8.4/armv7e-m/fpu\libgcc.a
LOAD c:/freescale/kds_v3/toolchain/bin/../lib/gcc/arm-none-eabi/4.8.4/../../../../arm-none-eabi/lib/armv7e-m/fpu\libc_s.a
LOAD c:/freescale/kds_v3/toolchain/bin/../lib/gcc/arm-none-eabi/4.8.4/../../../../arm-none-eabi/lib/armv7e-m/fpu\libnosys.a
END GROUP
START GROUP
LOAD c:/freescale/kds_v3/toolchain/bin/../lib/gcc/arm-none-eabi/4.8.4/armv7e-m/fpu\libgcc.a
LOAD c:/freescale/kds_v3/toolchain/bin/../lib/gcc/arm-none-eabi/4.8.4/../../../../arm-none-eabi/lib/armv7e-m/fpu\libc_s.a
LOAD c:/freescale/kds_v3/toolchain/bin/../lib/gcc/arm-none-eabi/4.8.4/../../../../arm-none-eabi/lib/armv7e-m/fpu\libnosys.a
END GROUP
LOAD c:/freescale/kds_v3/toolchain/bin/../lib/gcc/arm-none-eabi/4.8.4/armv7e-m/fpu/crtend.o
LOAD c:/freescale/kds_v3/toolchain/bin/../lib/gcc/arm-none-eabi/4.8.4/armv7e-m/fpu/crtn.o
                0x20030000                _estack = 0x20030000
                0x20030000                __SP_INIT = _estack
                0x20030000                __stack = _estack
                0x00000000                __heap_size = 0x0
                0x00000400                __stack_size = 0x400

.interrupts     0x00000000      0x198
                0x00000000                __vector_table = .
                0x00000000                . = ALIGN (0x4)
 *(.vectortable)
 .vectortable   0x00000000      0x198 ./Static_Code/System/Vectors.o
                0x00000000                __vect_table
                0x00000198                . = ALIGN (0x4)

.cfmprotect     0x00000400        0x0
                0x00000400                . = ALIGN (0x4)
 *(.cfmconfig)
                0x00000400                . = ALIGN (0x4)

.text           0x00000410     0x2cb4
                0x00000410                . = ALIGN (0x4)
 *(.text)
 .text          0x00000410       0x54 c:/freescale/kds_v3/toolchain/bin/../lib/gcc/arm-none-eabi/4.8.4/armv7e-m/fpu/crtbegin.o
 .text          0x00000464       0x74 c:/freescale/kds_v3/toolchain/bin/../lib/gcc/arm-none-eabi/4.8.4/../../../../arm-none-eabi/lib/armv7e-m/fpu/crt0.o
                0x00000464                _start
                0x00000464                _mainCRTStartup
 *(.text*)
 .text.CPU_SetBASEPRI
                0x000004d8       0x18 ./Static_Code/System/CPU_Init.o
                0x000004d8                CPU_SetBASEPRI
 .text.__init_hardware
                0x000004f0       0xdc ./Static_Code/System/CPU_Init.o
                0x000004f0                __init_hardware
 .text.PE_low_level_init
                0x000005cc       0x14 ./Static_Code/System/CPU_Init.o
                0x000005cc                PE_low_level_init
 .text.CPU_GetClockGenMode
                0x000005e0       0x90 ./Static_Code/System/CPU_Init.o
                0x000005e0                CPU_GetClockGenMode
 .text.CPU_SetClockConfigGenMode
                0x00000670      0x54c ./Static_Code/System/CPU_Init.o
                0x00000670                CPU_SetClockConfigGenMode
 .text.UnhandledInterrupt
                0x00000bbc       0x18 ./Static_Code/System/Vectors.o
                0x00000bbc                UnhandledInterrupt
 .text.Task1    0x00000bd4       0x68 ./Sources/Application.o
 .text.Task2    0x00000c3c       0x68 ./Sources/Application.o
 .text.Task3    0x00000ca4       0x68 ./Sources/Application.o
 .text.Run_Applications
                0x00000d0c       0x8c ./Sources/Application.o
                0x00000d0c                Run_Applications
 .text.Cpu_OnNMI
                0x00000d98        0xc ./Sources/Events.o
                0x00000d98                Cpu_OnNMI
 .text.FRTOS1_vApplicationStackOverflowHook
                0x00000da4       0x14 ./Sources/Events.o
                0x00000da4                FRTOS1_vApplicationStackOverflowHook
 .text.FRTOS1_vApplicationTickHook
                0x00000db8        0xc ./Sources/Events.o
                0x00000db8                FRTOS1_vApplicationTickHook
 .text.FRTOS1_vApplicationIdleHook
                0x00000dc4        0xc ./Sources/Events.o
                0x00000dc4                FRTOS1_vApplicationIdleHook
 .text.FRTOS1_vApplicationMallocFailedHook
                0x00000dd0       0x10 ./Sources/Events.o
                0x00000dd0                FRTOS1_vApplicationMallocFailedHook
 .text.main     0x00000de0       0x14 ./Sources/main.o
                0x00000de0                main
 .text.__copy_rom_section
                0x00000df4       0xe4 ./Project_Settings/Startup_Code/startup.o
                0x00000df4                __copy_rom_section
 .text.__copy_rom_sections_to_ram
                0x00000ed8       0x9c ./Project_Settings/Startup_Code/startup.o
                0x00000ed8                __copy_rom_sections_to_ram
 .text.__init_registers
                0x00000f74       0x20 ./Project_Settings/Startup_Code/startup.o
                0x00000f74                __init_registers
 .text.__init_user
                0x00000f94        0xc ./Project_Settings/Startup_Code/startup.o
                0x00000f94                __init_user
 .text.__thumb_startup
                0x00000fa0       0x34 ./Project_Settings/Startup_Code/startup.o
                0x00000fa0                __thumb_startup
 .text.BitIoLdd1_Init
                0x00000fd4       0x80 ./Generated_Code/BitIoLdd1.o
                0x00000fd4                BitIoLdd1_Init
 .text.BitIoLdd1_ClrVal
                0x00001054       0x20 ./Generated_Code/BitIoLdd1.o
                0x00001054                BitIoLdd1_ClrVal
 .text.BitIoLdd1_SetVal
                0x00001074       0x20 ./Generated_Code/BitIoLdd1.o
                0x00001074                BitIoLdd1_SetVal
 .text.BitIoLdd2_Init
                0x00001094       0x80 ./Generated_Code/BitIoLdd2.o
                0x00001094                BitIoLdd2_Init
 .text.BitIoLdd2_ClrVal
                0x00001114       0x20 ./Generated_Code/BitIoLdd2.o
                0x00001114                BitIoLdd2_ClrVal
 .text.BitIoLdd2_SetVal
                0x00001134       0x20 ./Generated_Code/BitIoLdd2.o
                0x00001134                BitIoLdd2_SetVal
 .text.BitIoLdd3_Init
                0x00001154       0x80 ./Generated_Code/BitIoLdd3.o
                0x00001154                BitIoLdd3_Init
 .text.BitIoLdd3_ClrVal
                0x000011d4       0x20 ./Generated_Code/BitIoLdd3.o
                0x000011d4                BitIoLdd3_ClrVal
 .text.BitIoLdd3_SetVal
                0x000011f4       0x20 ./Generated_Code/BitIoLdd3.o
                0x000011f4                BitIoLdd3_SetVal
 .text.Components_Init
                0x00001214       0x24 ./Generated_Code/Cpu.o
                0x00001214                Components_Init
 .text.Cpu_INT_NMIInterrupt
                0x00001238       0x1c ./Generated_Code/Cpu.o
                0x00001238                Cpu_INT_NMIInterrupt
 .text.FRTOS1_Init
                0x00001254        0xc ./Generated_Code/FRTOS1.o
                0x00001254                FRTOS1_Init
 .text.LED1_Init
                0x00001260       0x14 ./Generated_Code/LED1.o
                0x00001260                LED1_Init
 .text.LED2_Init
                0x00001274       0x14 ./Generated_Code/LED2.o
                0x00001274                LED2_Init
 .text.LED3_Init
                0x00001288       0x14 ./Generated_Code/LED3.o
                0x00001288                LED3_Init
 .text.pvPortMalloc
                0x0000129c      0x178 ./Generated_Code/heap_4.o
                0x0000129c                pvPortMalloc
 .text.vPortFree
                0x00001414       0xa0 ./Generated_Code/heap_4.o
                0x00001414                vPortFree
 .text.prvHeapInit
                0x000014b4       0xc8 ./Generated_Code/heap_4.o
 .text.prvInsertBlockIntoFreeList
                0x0000157c       0xb0 ./Generated_Code/heap_4.o
 .text.vListInitialise
                0x0000162c       0x40 ./Generated_Code/list.o
                0x0000162c                vListInitialise
 .text.vListInitialiseItem
                0x0000166c       0x18 ./Generated_Code/list.o
                0x0000166c                vListInitialiseItem
 .text.vListInsertEnd
                0x00001684       0x48 ./Generated_Code/list.o
                0x00001684                vListInsertEnd
 .text.vListInsert
                0x000016cc       0x70 ./Generated_Code/list.o
                0x000016cc                vListInsert
 .text.uxListRemove
                0x0000173c       0x54 ./Generated_Code/list.o
                0x0000173c                uxListRemove
 .text.pxPortInitialiseStack
                0x00001790       0x60 ./Generated_Code/port.o
                0x00001790                pxPortInitialiseStack
 .text.vPortInitTickTimer
                0x000017f0       0x44 ./Generated_Code/port.o
                0x000017f0                vPortInitTickTimer
 .text.vPortStartTickTimer
                0x00001834       0x18 ./Generated_Code/port.o
                0x00001834                vPortStartTickTimer
 .text.vPortStopTickTimer
                0x0000184c       0x18 ./Generated_Code/port.o
                0x0000184c                vPortStopTickTimer
 .text.vPortEnableVFP
                0x00001864       0x1c ./Generated_Code/port.o
                0x00001864                vPortEnableVFP
 .text.xPortStartScheduler
                0x00001880       0xc4 ./Generated_Code/port.o
                0x00001880                xPortStartScheduler
 .text.vPortEnterCritical
                0x00001944       0x4c ./Generated_Code/port.o
                0x00001944                vPortEnterCritical
 .text.vPortExitCritical
                0x00001990       0x2c ./Generated_Code/port.o
                0x00001990                vPortExitCritical
 .text.vPortYieldFromISR
                0x000019bc       0x20 ./Generated_Code/port.o
                0x000019bc                vPortYieldFromISR
 .text.vPortTickHandler
                0x000019dc       0x24 ./Generated_Code/port.o
                0x000019dc                vPortTickHandler
 .text.vPortStartFirstTask
                0x00001a00       0x30 ./Generated_Code/port.o
                0x00001a00                vPortStartFirstTask
 .text.vPortSVCHandler
                0x00001a30       0x1c ./Generated_Code/port.o
                0x00001a30                vPortSVCHandler
 .text.vPortPendSVHandler
                0x00001a4c       0x50 ./Generated_Code/port.o
                0x00001a4c                vPortPendSVHandler
 .text.xQueueGenericReset
                0x00001a9c       0xb4 ./Generated_Code/queue.o
                0x00001a9c                xQueueGenericReset
 .text.xQueueGenericCreate
                0x00001b50       0x68 ./Generated_Code/queue.o
                0x00001b50                xQueueGenericCreate
 .text.prvInitialiseNewQueue
                0x00001bb8       0x3c ./Generated_Code/queue.o
 .text.prvInitialiseMutex
                0x00001bf4       0x34 ./Generated_Code/queue.o
 .text.xQueueCreateMutex
                0x00001c28       0x30 ./Generated_Code/queue.o
                0x00001c28                xQueueCreateMutex
 .text.xQueueGenericSend
                0x00001c58      0x1ac ./Generated_Code/queue.o
                0x00001c58                xQueueGenericSend
 .text.xQueueGenericReceive
                0x00001e04      0x1e4 ./Generated_Code/queue.o
                0x00001e04                xQueueGenericReceive
 .text.prvCopyDataToQueue
                0x00001fe8       0xd8 ./Generated_Code/queue.o
 .text.prvCopyDataFromQueue
                0x000020c0       0x4c ./Generated_Code/queue.o
 .text.prvUnlockQueue
                0x0000210c       0xa0 ./Generated_Code/queue.o
 .text.prvIsQueueEmpty
                0x000021ac       0x2c ./Generated_Code/queue.o
 .text.prvIsQueueFull
                0x000021d8       0x30 ./Generated_Code/queue.o
 .text.xTaskCreate
                0x00002208       0x84 ./Generated_Code/tasks.o
                0x00002208                xTaskCreate
 .text.prvInitialiseNewTask
                0x0000228c      0x104 ./Generated_Code/tasks.o
 .text.prvAddNewTaskToReadyList
                0x00002390       0xc4 ./Generated_Code/tasks.o
 .text.vTaskDelay
                0x00002454       0x4c ./Generated_Code/tasks.o
                0x00002454                vTaskDelay
 .text.vTaskStartScheduler
                0x000024a0       0x74 ./Generated_Code/tasks.o
                0x000024a0                vTaskStartScheduler
 .text.vTaskSuspendAll
                0x00002514       0x1c ./Generated_Code/tasks.o
                0x00002514                vTaskSuspendAll
 .text.xTaskResumeAll
                0x00002530      0x11c ./Generated_Code/tasks.o
                0x00002530                xTaskResumeAll
 .text.xTaskIncrementTick
                0x0000264c      0x180 ./Generated_Code/tasks.o
                0x0000264c                xTaskIncrementTick
 .text.vTaskSwitchContext
                0x000027cc       0xc8 ./Generated_Code/tasks.o
                0x000027cc                vTaskSwitchContext
 .text.vTaskPlaceOnEventList
                0x00002894       0x3c ./Generated_Code/tasks.o
                0x00002894                vTaskPlaceOnEventList
 .text.xTaskRemoveFromEventList
                0x000028d0       0xb8 ./Generated_Code/tasks.o
                0x000028d0                xTaskRemoveFromEventList
 .text.vTaskSetTimeOutState
                0x00002988       0x3c ./Generated_Code/tasks.o
                0x00002988                vTaskSetTimeOutState
 .text.xTaskCheckForTimeOut
                0x000029c4       0xa8 ./Generated_Code/tasks.o
                0x000029c4                xTaskCheckForTimeOut
 .text.vTaskMissedYield
                0x00002a6c       0x18 ./Generated_Code/tasks.o
                0x00002a6c                vTaskMissedYield
 .text.prvIdleTask
                0x00002a84       0x24 ./Generated_Code/tasks.o
 .text.prvInitialiseTaskLists
                0x00002aa8       0x74 ./Generated_Code/tasks.o
 .text.prvCheckTasksWaitingTermination
                0x00002b1c        0xc ./Generated_Code/tasks.o
 .text.prvResetNextTaskUnblockTime
                0x00002b28       0x48 ./Generated_Code/tasks.o
 .text.xTaskGetSchedulerState
                0x00002b70       0x3c ./Generated_Code/tasks.o
                0x00002b70                xTaskGetSchedulerState
 .text.vTaskPriorityInherit
                0x00002bac       0xec ./Generated_Code/tasks.o
                0x00002bac                vTaskPriorityInherit
 .text.xTaskPriorityDisinherit
                0x00002c98       0xf4 ./Generated_Code/tasks.o
                0x00002c98                xTaskPriorityDisinherit
 .text.pvTaskIncrementMutexHeldCount
                0x00002d8c       0x28 ./Generated_Code/tasks.o
                0x00002d8c                pvTaskIncrementMutexHeldCount
 .text.prvAddCurrentTaskToDelayedList
                0x00002db4       0xc8 ./Generated_Code/tasks.o
 .text.exit     0x00002e7c       0x28 c:/freescale/kds_v3/toolchain/bin/../lib/gcc/arm-none-eabi/4.8.4/../../../../arm-none-eabi/lib/armv7e-m/fpu\libg_s.a(lib_a-exit.o)
                0x00002e7c                exit
 .text.__libc_init_array
                0x00002ea4       0x4c c:/freescale/kds_v3/toolchain/bin/../lib/gcc/arm-none-eabi/4.8.4/../../../../arm-none-eabi/lib/armv7e-m/fpu\libg_s.a(lib_a-init.o)
                0x00002ea4                __libc_init_array
 .text.memcpy   0x00002ef0       0x12 c:/freescale/kds_v3/toolchain/bin/../lib/gcc/arm-none-eabi/4.8.4/../../../../arm-none-eabi/lib/armv7e-m/fpu\libg_s.a(lib_a-memcpy-stub.o)
                0x00002ef0                memcpy
 .text.memset   0x00002f02       0x10 c:/freescale/kds_v3/toolchain/bin/../lib/gcc/arm-none-eabi/4.8.4/../../../../arm-none-eabi/lib/armv7e-m/fpu\libg_s.a(lib_a-memset.o)
                0x00002f02                memset
 *fill*         0x00002f12        0x2 
 .text._exit    0x00002f14        0x4 c:/freescale/kds_v3/toolchain/bin/../lib/gcc/arm-none-eabi/4.8.4/../../../../arm-none-eabi/lib/armv7e-m/fpu\libnosys.a(_exit.o)
                0x00002f14                _exit
 *(.rodata)
 .rodata        0x00002f18       0x18 ./Sources/Application.o
 .rodata        0x00002f30        0x8 ./Generated_Code/tasks.o
 *(.rodata*)
 .rodata.ClockGenModeMatrix
                0x00002f38       0x80 ./Static_Code/System/CPU_Init.o
 .rodata.CPU_ClockConfigDescriptors
                0x00002fb8       0x8c ./Static_Code/System/CPU_Init.o
 .rodata.CPU_DefaultFEI
                0x00003044        0x8 ./Static_Code/System/CPU_Init.o
 .rodata.CPU_DefaultFBI
                0x0000304c        0x8 ./Static_Code/System/CPU_Init.o
 .rodata.CPU_DefaultBLPI
                0x00003054        0x8 ./Static_Code/System/CPU_Init.o
 .rodata.CPU_DefaultFEE
                0x0000305c        0x8 ./Static_Code/System/CPU_Init.o
 .rodata.CPU_DefaultFBE
                0x00003064        0x8 ./Static_Code/System/CPU_Init.o
 .rodata.CPU_DefaultBLPE
                0x0000306c        0x8 ./Static_Code/System/CPU_Init.o
 .rodata.CPU_DefaultPBE
                0x00003074        0x8 ./Static_Code/System/CPU_Init.o
 .rodata.CPU_DefaultPEE
                0x0000307c        0x8 ./Static_Code/System/CPU_Init.o
 .rodata.CPU_ClockGenModeRegs
                0x00003084       0x20 ./Static_Code/System/CPU_Init.o
 .rodata.str1.1
                0x000030a4        0x2 c:/freescale/kds_v3/toolchain/bin/../lib/gcc/arm-none-eabi/4.8.4/../../../../arm-none-eabi/lib/armv7e-m/fpu\libg_s.a(lib_a-impure.o)
 *fill*         0x000030a6        0x2 
 .rodata._global_impure_ptr
                0x000030a8        0x4 c:/freescale/kds_v3/toolchain/bin/../lib/gcc/arm-none-eabi/4.8.4/../../../../arm-none-eabi/lib/armv7e-m/fpu\libg_s.a(lib_a-impure.o)
                0x000030a8                _global_impure_ptr
 *(.glue_7)
 .glue_7        0x00000000        0x0 linker stubs
 *(.glue_7t)
 .glue_7t       0x00000000        0x0 linker stubs
 *(.eh_frame)
 .eh_frame      0x000030ac        0x0 c:/freescale/kds_v3/toolchain/bin/../lib/gcc/arm-none-eabi/4.8.4/armv7e-m/fpu/crtbegin.o
 *(.init)
 .init          0x000030ac        0x4 c:/freescale/kds_v3/toolchain/bin/../lib/gcc/arm-none-eabi/4.8.4/armv7e-m/fpu/crti.o
                0x000030ac                _init
 .init          0x000030b0        0x8 c:/freescale/kds_v3/toolchain/bin/../lib/gcc/arm-none-eabi/4.8.4/armv7e-m/fpu/crtn.o
 *(.fini)
 .fini          0x000030b8        0x4 c:/freescale/kds_v3/toolchain/bin/../lib/gcc/arm-none-eabi/4.8.4/armv7e-m/fpu/crti.o
                0x000030b8                _fini
 .fini          0x000030bc        0x8 c:/freescale/kds_v3/toolchain/bin/../lib/gcc/arm-none-eabi/4.8.4/armv7e-m/fpu/crtn.o
                0x000030c4                . = ALIGN (0x4)
                0x000030c4                _etext = .

.vfp11_veneer   0x000030c4        0x0
 .vfp11_veneer  0x00000000        0x0 linker stubs

.v4_bx          0x000030c4        0x0
 .v4_bx         0x00000000        0x0 linker stubs

.iplt           0x000030c4        0x0
 .iplt          0x00000000        0x0 c:/freescale/kds_v3/toolchain/bin/../lib/gcc/arm-none-eabi/4.8.4/armv7e-m/fpu/crtbegin.o

.ARM.extab
 *(.ARM.extab* .gnu.linkonce.armextab.*)

.ARM            0x000030c4        0x8
                0x000030c4                __exidx_start = .
 *(.ARM.exidx*)
 .ARM.exidx     0x000030c4        0x8 c:/freescale/kds_v3/toolchain/bin/../lib/gcc/arm-none-eabi/4.8.4/../../../../arm-none-eabi/lib/armv7e-m/fpu/crt0.o
                0x000030cc                __exidx_end = .

.rel.dyn        0x000030cc        0x0
 .rel.iplt      0x00000000        0x0 c:/freescale/kds_v3/toolchain/bin/../lib/gcc/arm-none-eabi/4.8.4/armv7e-m/fpu/crtbegin.o

.ctors          0x000030cc        0x0
                0x000030cc                __CTOR_LIST__ = .
 *crtbegin.o(.ctors)
 *(EXCLUDE_FILE(*crtend.o) .ctors)
 *(SORT(.ctors.*))
 *(.ctors)
                0x000030cc                __CTOR_END__ = .

.dtors          0x000030cc        0x0
                0x000030cc                __DTOR_LIST__ = .
 *crtbegin.o(.dtors)
 *(EXCLUDE_FILE(*crtend.o) .dtors)
 *(SORT(.dtors.*))
 *(.dtors)
                0x000030cc                __DTOR_END__ = .

.preinit_array  0x000030cc        0x0
                0x000030cc                PROVIDE (__preinit_array_start, .)
 *(.preinit_array*)
                0x000030cc                PROVIDE (__preinit_array_end, .)

.init_array     0x000030cc        0x4
                0x000030cc                PROVIDE (__init_array_start, .)
 *(SORT(.init_array.*))
 *(.init_array*)
 .init_array    0x000030cc        0x4 c:/freescale/kds_v3/toolchain/bin/../lib/gcc/arm-none-eabi/4.8.4/armv7e-m/fpu/crtbegin.o
                0x000030d0                PROVIDE (__init_array_end, .)

.fini_array     0x000030d0        0x4
                0x000030d0                PROVIDE (__fini_array_start, .)
 *(SORT(.fini_array.*))
 *(.fini_array*)
 .fini_array    0x000030d0        0x4 c:/freescale/kds_v3/toolchain/bin/../lib/gcc/arm-none-eabi/4.8.4/armv7e-m/fpu/crtbegin.o
                0x000030d4                PROVIDE (__fini_array_end, .)
                0x000030d4                ___ROM_AT = .

.data           0x20000000       0x6c load address 0x000030d4
                0x20000000                . = ALIGN (0x4)
                0x20000000                _sdata = .
 *(.data)
 *(.data*)
 .data.xHeapStructSize
                0x20000000        0x4 ./Generated_Code/heap_4.o
 .data.uxCriticalNesting
                0x20000004        0x4 ./Generated_Code/port.o
 .data.uxTopUsedPriority
                0x20000008        0x4 ./Generated_Code/port.o
                0x20000008                uxTopUsedPriority
 .data.impure_data
                0x2000000c       0x60 c:/freescale/kds_v3/toolchain/bin/../lib/gcc/arm-none-eabi/4.8.4/../../../../arm-none-eabi/lib/armv7e-m/fpu\libg_s.a(lib_a-impure.o)
                0x2000006c                . = ALIGN (0x4)
                0x2000006c                _edata = .
                0x0000006c                ___data_size = (_edata - _sdata)
                0x00003140                ___m_data_1FFF0000_ROMStart = (___ROM_AT + SIZEOF (.data))

.jcr            0x2000006c        0x0 load address 0x00003140
 .jcr           0x2000006c        0x0 c:/freescale/kds_v3/toolchain/bin/../lib/gcc/arm-none-eabi/4.8.4/armv7e-m/fpu/crtbegin.o

.igot.plt       0x2000006c        0x0 load address 0x00003140
 .igot.plt      0x00000000        0x0 c:/freescale/kds_v3/toolchain/bin/../lib/gcc/arm-none-eabi/4.8.4/armv7e-m/fpu/crtbegin.o

.m_data_1FFF0000
                0x1fff0000        0x0 load address 0x00003140
                0x1fff0000                . = ALIGN (0x4)
                0x1fff0000                ___m_data_1FFF0000_RAMStart = .
 *(.m_data_1FFF0000)
                0x1fff0000                ___m_data_1FFF0000_RAMEnd = .
                0x1fff0000                . = ALIGN (0x4)
                0x00000000                ___m_data_1FFF0000_ROMSize = (___m_data_1FFF0000_RAMEnd - ___m_data_1FFF0000_RAMStart)
                0x1fff0000                . = ALIGN (0x4)

.bss            0x2000006c      0x958 load address 0x00003140
                0x2000006c                __START_BSS = .
                0x2000006c                PROVIDE (__bss_start__, __START_BSS)
 *(.bss)
 .bss           0x2000006c       0x1c c:/freescale/kds_v3/toolchain/bin/../lib/gcc/arm-none-eabi/4.8.4/armv7e-m/fpu/crtbegin.o
 *(.bss*)
 .bss.taskkeeper
                0x20000088        0x4 ./Sources/Application.o
                0x20000088                taskkeeper
 .bss.DeviceDataPrv__DEFAULT_RTOS_ALLOC
                0x2000008c        0x4 ./Generated_Code/BitIoLdd1.o
 .bss.DeviceDataPrv__DEFAULT_RTOS_ALLOC
                0x20000090        0x4 ./Generated_Code/BitIoLdd2.o
 .bss.DeviceDataPrv__DEFAULT_RTOS_ALLOC
                0x20000094        0x4 ./Generated_Code/BitIoLdd3.o
 .bss.PE_LDD_DeviceDataList
                0x20000098        0xc ./Generated_Code/PE_LDD.o
                0x20000098                PE_LDD_DeviceDataList
 .bss.ucHeap    0x200000a4      0x800 ./Generated_Code/heap_4.o
 .bss.xStart    0x200008a4        0x8 ./Generated_Code/heap_4.o
 .bss.pxEnd     0x200008ac        0x4 ./Generated_Code/heap_4.o
 .bss.xFreeBytesRemaining
                0x200008b0        0x4 ./Generated_Code/heap_4.o
 .bss.xMinimumEverFreeBytesRemaining
                0x200008b4        0x4 ./Generated_Code/heap_4.o
 .bss.xBlockAllocatedBit
                0x200008b8        0x4 ./Generated_Code/heap_4.o
 .bss.ucMaxSysCallPriority
                0x200008bc        0x1 ./Generated_Code/port.o
 *fill*         0x200008bd        0x3 
 .bss.ulMaxPRIGROUPValue
                0x200008c0        0x4 ./Generated_Code/port.o
 .bss.pxCurrentTCB
                0x200008c4        0x4 ./Generated_Code/tasks.o
                0x200008c4                pxCurrentTCB
 .bss.pxReadyTasksLists
                0x200008c8       0x78 ./Generated_Code/tasks.o
 .bss.xDelayedTaskList1
                0x20000940       0x14 ./Generated_Code/tasks.o
 .bss.xDelayedTaskList2
                0x20000954       0x14 ./Generated_Code/tasks.o
 .bss.pxDelayedTaskList
                0x20000968        0x4 ./Generated_Code/tasks.o
 .bss.pxOverflowDelayedTaskList
                0x2000096c        0x4 ./Generated_Code/tasks.o
 .bss.xPendingReadyList
                0x20000970       0x14 ./Generated_Code/tasks.o
 .bss.xSuspendedTaskList
                0x20000984       0x14 ./Generated_Code/tasks.o
 .bss.uxCurrentNumberOfTasks
                0x20000998        0x4 ./Generated_Code/tasks.o
 .bss.xTickCount
                0x2000099c        0x4 ./Generated_Code/tasks.o
 .bss.uxTopReadyPriority
                0x200009a0        0x4 ./Generated_Code/tasks.o
 .bss.xSchedulerRunning
                0x200009a4        0x4 ./Generated_Code/tasks.o
 .bss.uxPendedTicks
                0x200009a8        0x4 ./Generated_Code/tasks.o
 .bss.xYieldPending
                0x200009ac        0x4 ./Generated_Code/tasks.o
 .bss.xNumOfOverflows
                0x200009b0        0x4 ./Generated_Code/tasks.o
 .bss.uxTaskNumber
                0x200009b4        0x4 ./Generated_Code/tasks.o
 .bss.xNextTaskUnblockTime
                0x200009b8        0x4 ./Generated_Code/tasks.o
 .bss.xIdleTaskHandle
                0x200009bc        0x4 ./Generated_Code/tasks.o
 .bss.uxSchedulerSuspended
                0x200009c0        0x4 ./Generated_Code/tasks.o
 *(COMMON)
                0x200009c4                . = ALIGN (0x4)
                0x200009c4                __END_BSS = .
                0x200009c4                PROVIDE (__bss_end__, __END_BSS)
                0x00003140                _romp_at = ((___ROM_AT + SIZEOF (.data)) + SIZEOF (.m_data_1FFF0000))

.romp           0x200009c4       0x24 load address 0x00003140
                0x00003140                __S_romp = _romp_at
                0x200009c4        0x4 LONG 0x30d4 ___ROM_AT
                0x200009c8        0x4 LONG 0x20000000 _sdata
                0x200009cc        0x4 LONG 0x6c ___data_size
                0x200009d0        0x4 LONG 0x3140 ___m_data_1FFF0000_ROMStart
                0x200009d4        0x4 LONG 0x1fff0000 ___m_data_1FFF0000_RAMStart
                0x200009d8        0x4 LONG 0x0 ___m_data_1FFF0000_ROMSize
                0x200009dc        0x4 LONG 0x0
                0x200009e0        0x4 LONG 0x0
                0x200009e4        0x4 LONG 0x0
                0x00100000                text_end = (ORIGIN (m_text) + 0xffbf0)
                0x00003164                data_init_end = ((___m_data_1FFF0000_ROMStart + SIZEOF (.m_data_1FFF0000)) + SIZEOF (.romp))
                0x00000001                ASSERT ((data_init_end <= text_end), region m_text overflowed with text and data)

._user_heap_stack
                0x200009e8      0x400 load address 0x00003164
                0x200009e8                . = ALIGN (0x4)
                0x200009e8                PROVIDE (end, .)
                0x200009e8                PROVIDE (_end, .)
                0x200009e8                PROVIDE (__end__, .)
                0x200009e8                __heap_addr = .
                0x200009e8                __HeapBase = .
                0x200009e8                . = (. + __heap_size)
                0x200009e8                __HeapLimit = .
                0x20000de8                . = (. + __stack_size)
 *fill*         0x200009e8      0x400 
                0x20000de8                . = ALIGN (0x4)

.ARM.attributes
                0x00000000       0x30
 *(.ARM.attributes)
 .ARM.attributes
                0x00000000       0x22 c:/freescale/kds_v3/toolchain/bin/../lib/gcc/arm-none-eabi/4.8.4/armv7e-m/fpu/crti.o
 .ARM.attributes
                0x00000022       0x34 c:/freescale/kds_v3/toolchain/bin/../lib/gcc/arm-none-eabi/4.8.4/armv7e-m/fpu/crtbegin.o
 .ARM.attributes
                0x00000056       0x20 c:/freescale/kds_v3/toolchain/bin/../lib/gcc/arm-none-eabi/4.8.4/../../../../arm-none-eabi/lib/armv7e-m/fpu/crt0.o
 .ARM.attributes
                0x00000076       0x39 ./Static_Code/System/CPU_Init.o
 .ARM.attributes
                0x000000af       0x39 ./Static_Code/System/Vectors.o
 .ARM.attributes
                0x000000e8       0x39 ./Sources/Application.o
 .ARM.attributes
                0x00000121       0x39 ./Sources/Events.o
 .ARM.attributes
                0x0000015a       0x39 ./Sources/main.o
 .ARM.attributes
                0x00000193       0x39 ./Project_Settings/Startup_Code/startup.o
 .ARM.attributes
                0x000001cc       0x39 ./Generated_Code/BitIoLdd1.o
 .ARM.attributes
                0x00000205       0x39 ./Generated_Code/BitIoLdd2.o
 .ARM.attributes
                0x0000023e       0x39 ./Generated_Code/BitIoLdd3.o
 .ARM.attributes
                0x00000277       0x39 ./Generated_Code/Cpu.o
 .ARM.attributes
                0x000002b0       0x39 ./Generated_Code/FRTOS1.o
 .ARM.attributes
                0x000002e9       0x39 ./Generated_Code/LED1.o
 .ARM.attributes
                0x00000322       0x39 ./Generated_Code/LED2.o
 .ARM.attributes
                0x0000035b       0x39 ./Generated_Code/LED3.o
 .ARM.attributes
                0x00000394       0x39 ./Generated_Code/PE_LDD.o
 .ARM.attributes
                0x000003cd       0x39 ./Generated_Code/heap_4.o
 .ARM.attributes
                0x00000406       0x39 ./Generated_Code/list.o
 .ARM.attributes
                0x0000043f       0x39 ./Generated_Code/port.o
 .ARM.attributes
                0x00000478       0x39 ./Generated_Code/queue.o
 .ARM.attributes
                0x000004b1       0x39 ./Generated_Code/tasks.o
 .ARM.attributes
                0x000004ea       0x34 c:/freescale/kds_v3/toolchain/bin/../lib/gcc/arm-none-eabi/4.8.4/../../../../arm-none-eabi/lib/armv7e-m/fpu\libg_s.a(lib_a-exit.o)
 .ARM.attributes
                0x0000051e       0x34 c:/freescale/kds_v3/toolchain/bin/../lib/gcc/arm-none-eabi/4.8.4/../../../../arm-none-eabi/lib/armv7e-m/fpu\libg_s.a(lib_a-impure.o)
 .ARM.attributes
                0x00000552       0x34 c:/freescale/kds_v3/toolchain/bin/../lib/gcc/arm-none-eabi/4.8.4/../../../../arm-none-eabi/lib/armv7e-m/fpu\libg_s.a(lib_a-init.o)
 .ARM.attributes
                0x00000586       0x34 c:/freescale/kds_v3/toolchain/bin/../lib/gcc/arm-none-eabi/4.8.4/../../../../arm-none-eabi/lib/armv7e-m/fpu\libg_s.a(lib_a-memcpy-stub.o)
 .ARM.attributes
                0x000005ba       0x34 c:/freescale/kds_v3/toolchain/bin/../lib/gcc/arm-none-eabi/4.8.4/../../../../arm-none-eabi/lib/armv7e-m/fpu\libg_s.a(lib_a-memset.o)
 .ARM.attributes
                0x000005ee       0x34 c:/freescale/kds_v3/toolchain/bin/../lib/gcc/arm-none-eabi/4.8.4/../../../../arm-none-eabi/lib/armv7e-m/fpu\libnosys.a(_exit.o)
 .ARM.attributes
                0x00000622       0x22 c:/freescale/kds_v3/toolchain/bin/../lib/gcc/arm-none-eabi/4.8.4/armv7e-m/fpu/crtn.o
OUTPUT(FreeRTOS example.elf elf32-littlearm)

.debug_info     0x00000000     0x5d83
 .debug_info    0x00000000      0xbe7 ./Static_Code/System/CPU_Init.o
 .debug_info    0x00000be7      0x826 ./Static_Code/System/Vectors.o
 .debug_info    0x0000140d      0x1a6 ./Sources/Application.o
 .debug_info    0x000015b3      0x10e ./Sources/Events.o
 .debug_info    0x000016c1       0x9a ./Sources/main.o
 .debug_info    0x0000175b      0x3b0 ./Project_Settings/Startup_Code/startup.o
 .debug_info    0x00001b0b      0x503 ./Generated_Code/BitIoLdd1.o
 .debug_info    0x0000200e      0x503 ./Generated_Code/BitIoLdd2.o
 .debug_info    0x00002511      0x503 ./Generated_Code/BitIoLdd3.o
 .debug_info    0x00002a14       0xa7 ./Generated_Code/Cpu.o
 .debug_info    0x00002abb       0xd5 ./Generated_Code/FRTOS1.o
 .debug_info    0x00002b90      0x104 ./Generated_Code/LED1.o
 .debug_info    0x00002c94      0x104 ./Generated_Code/LED2.o
 .debug_info    0x00002d98      0x104 ./Generated_Code/LED3.o
 .debug_info    0x00002e9c      0x251 ./Generated_Code/PE_LDD.o
 .debug_info    0x000030ed      0x306 ./Generated_Code/heap_4.o
 .debug_info    0x000033f3      0x2a8 ./Generated_Code/list.o
 .debug_info    0x0000369b      0x392 ./Generated_Code/port.o
 .debug_info    0x00003a2d      0xda1 ./Generated_Code/queue.o
 .debug_info    0x000047ce     0x15b5 ./Generated_Code/tasks.o

.debug_abbrev   0x00000000     0x1593
 .debug_abbrev  0x00000000      0x1db ./Static_Code/System/CPU_Init.o
 .debug_abbrev  0x000001db       0xd8 ./Static_Code/System/Vectors.o
 .debug_abbrev  0x000002b3       0xc4 ./Sources/Application.o
 .debug_abbrev  0x00000377       0x8b ./Sources/Events.o
 .debug_abbrev  0x00000402       0x47 ./Sources/main.o
 .debug_abbrev  0x00000449      0x189 ./Project_Settings/Startup_Code/startup.o
 .debug_abbrev  0x000005d2      0x14e ./Generated_Code/BitIoLdd1.o
 .debug_abbrev  0x00000720      0x14e ./Generated_Code/BitIoLdd2.o
 .debug_abbrev  0x0000086e      0x14e ./Generated_Code/BitIoLdd3.o
 .debug_abbrev  0x000009bc       0x45 ./Generated_Code/Cpu.o
 .debug_abbrev  0x00000a01       0x84 ./Generated_Code/FRTOS1.o
 .debug_abbrev  0x00000a85       0xc6 ./Generated_Code/LED1.o
 .debug_abbrev  0x00000b4b       0xc6 ./Generated_Code/LED2.o
 .debug_abbrev  0x00000c11       0xc6 ./Generated_Code/LED3.o
 .debug_abbrev  0x00000cd7      0x10d ./Generated_Code/PE_LDD.o
 .debug_abbrev  0x00000de4      0x17c ./Generated_Code/heap_4.o
 .debug_abbrev  0x00000f60       0xc1 ./Generated_Code/list.o
 .debug_abbrev  0x00001021      0x142 ./Generated_Code/port.o
 .debug_abbrev  0x00001163      0x1a6 ./Generated_Code/queue.o
 .debug_abbrev  0x00001309      0x28a ./Generated_Code/tasks.o

.debug_aranges  0x00000000      0xa48
 .debug_aranges
                0x00000000       0x50 ./Static_Code/System/CPU_Init.o
 .debug_aranges
                0x00000050      0x340 ./Static_Code/System/Vectors.o
 .debug_aranges
                0x00000390       0x38 ./Sources/Application.o
 .debug_aranges
                0x000003c8       0x40 ./Sources/Events.o
 .debug_aranges
                0x00000408       0x20 ./Sources/main.o
 .debug_aranges
                0x00000428       0x50 ./Project_Settings/Startup_Code/startup.o
 .debug_aranges
                0x00000478       0x40 ./Generated_Code/BitIoLdd1.o
 .debug_aranges
                0x000004b8       0x40 ./Generated_Code/BitIoLdd2.o
 .debug_aranges
                0x000004f8       0x40 ./Generated_Code/BitIoLdd3.o
 .debug_aranges
                0x00000538       0x28 ./Generated_Code/Cpu.o
 .debug_aranges
                0x00000560       0x30 ./Generated_Code/FRTOS1.o
 .debug_aranges
                0x00000590       0x30 ./Generated_Code/LED1.o
 .debug_aranges
                0x000005c0       0x30 ./Generated_Code/LED2.o
 .debug_aranges
                0x000005f0       0x30 ./Generated_Code/LED3.o
 .debug_aranges
                0x00000620       0x30 ./Generated_Code/PE_LDD.o
 .debug_aranges
                0x00000650       0x50 ./Generated_Code/heap_4.o
 .debug_aranges
                0x000006a0       0x40 ./Generated_Code/list.o
 .debug_aranges
                0x000006e0       0xa0 ./Generated_Code/port.o
 .debug_aranges
                0x00000780      0x108 ./Generated_Code/queue.o
 .debug_aranges
                0x00000888      0x1c0 ./Generated_Code/tasks.o

.debug_ranges   0x00000000      0x908
 .debug_ranges  0x00000000       0x40 ./Static_Code/System/CPU_Init.o
 .debug_ranges  0x00000040      0x330 ./Static_Code/System/Vectors.o
 .debug_ranges  0x00000370       0x28 ./Sources/Application.o
 .debug_ranges  0x00000398       0x30 ./Sources/Events.o
 .debug_ranges  0x000003c8       0x10 ./Sources/main.o
 .debug_ranges  0x000003d8       0x40 ./Project_Settings/Startup_Code/startup.o
 .debug_ranges  0x00000418       0x30 ./Generated_Code/BitIoLdd1.o
 .debug_ranges  0x00000448       0x30 ./Generated_Code/BitIoLdd2.o
 .debug_ranges  0x00000478       0x30 ./Generated_Code/BitIoLdd3.o
 .debug_ranges  0x000004a8       0x18 ./Generated_Code/Cpu.o
 .debug_ranges  0x000004c0       0x20 ./Generated_Code/FRTOS1.o
 .debug_ranges  0x000004e0       0x20 ./Generated_Code/LED1.o
 .debug_ranges  0x00000500       0x20 ./Generated_Code/LED2.o
 .debug_ranges  0x00000520       0x20 ./Generated_Code/LED3.o
 .debug_ranges  0x00000540       0x20 ./Generated_Code/PE_LDD.o
 .debug_ranges  0x00000560       0x40 ./Generated_Code/heap_4.o
 .debug_ranges  0x000005a0       0x30 ./Generated_Code/list.o
 .debug_ranges  0x000005d0       0x90 ./Generated_Code/port.o
 .debug_ranges  0x00000660       0xf8 ./Generated_Code/queue.o
 .debug_ranges  0x00000758      0x1b0 ./Generated_Code/tasks.o

.debug_macro    0x00000000    0x33b6f
 .debug_macro   0x00000000      0x37a ./Static_Code/System/CPU_Init.o
 .debug_macro   0x0000037a      0x850 ./Static_Code/System/CPU_Init.o
 .debug_macro   0x00000bca       0x16 ./Static_Code/System/CPU_Init.o
 .debug_macro   0x00000be0       0x44 ./Static_Code/System/CPU_Init.o
 .debug_macro   0x00000c24      0x209 ./Static_Code/System/CPU_Init.o
 .debug_macro   0x00000e2d     0x1783 ./Static_Code/System/CPU_Init.o
 .debug_macro   0x000025b0    0x110ae ./Static_Code/System/CPU_Init.o
 .debug_macro   0x0001365e      0x78e ./Static_Code/System/CPU_Init.o
 .debug_macro   0x00013dec      0x14e ./Static_Code/System/CPU_Init.o
 .debug_macro   0x00013f3a       0x6a ./Static_Code/System/CPU_Init.o
 .debug_macro   0x00013fa4       0x58 ./Static_Code/System/CPU_Init.o
 .debug_macro   0x00013ffc       0x35 ./Static_Code/System/CPU_Init.o
 .debug_macro   0x00014031       0xa3 ./Static_Code/System/CPU_Init.o
 .debug_macro   0x000140d4       0x16 ./Static_Code/System/CPU_Init.o
 .debug_macro   0x000140ea       0x10 ./Static_Code/System/CPU_Init.o
 .debug_macro   0x000140fa       0x64 ./Static_Code/System/CPU_Init.o
 .debug_macro   0x0001415e       0x94 ./Static_Code/System/CPU_Init.o
 .debug_macro   0x000141f2      0x12c ./Static_Code/System/CPU_Init.o
 .debug_macro   0x0001431e       0x40 ./Static_Code/System/CPU_Init.o
 .debug_macro   0x0001435e       0x1f ./Static_Code/System/CPU_Init.o
 .debug_macro   0x0001437d       0x41 ./Static_Code/System/CPU_Init.o
 .debug_macro   0x000143be       0x46 ./Static_Code/System/CPU_Init.o
 .debug_macro   0x00014404       0x1f ./Static_Code/System/CPU_Init.o
 .debug_macro   0x00014423       0x41 ./Static_Code/System/CPU_Init.o
 .debug_macro   0x00014464       0x46 ./Static_Code/System/CPU_Init.o
 .debug_macro   0x000144aa       0x1f ./Static_Code/System/CPU_Init.o
 .debug_macro   0x000144c9       0x41 ./Static_Code/System/CPU_Init.o
 .debug_macro   0x0001450a       0xb8 ./Static_Code/System/CPU_Init.o
 .debug_macro   0x000145c2      0x166 ./Static_Code/System/CPU_Init.o
 .debug_macro   0x00014728       0x52 ./Static_Code/System/CPU_Init.o
 .debug_macro   0x0001477a       0x16 ./Static_Code/System/CPU_Init.o
 .debug_macro   0x00014790       0x43 ./Static_Code/System/CPU_Init.o
 .debug_macro   0x000147d3      0x180 ./Static_Code/System/CPU_Init.o
 .debug_macro   0x00014953      0x2a6 ./Static_Code/System/CPU_Init.o
 .debug_macro   0x00014bf9       0x10 ./Static_Code/System/CPU_Init.o
 .debug_macro   0x00014c09       0x35 ./Static_Code/System/CPU_Init.o
 .debug_macro   0x00014c3e       0x19 ./Static_Code/System/CPU_Init.o
 .debug_macro   0x00014c57      0x25f ./Static_Code/System/CPU_Init.o
 .debug_macro   0x00014eb6      0x168 ./Static_Code/System/CPU_Init.o
 .debug_macro   0x0001501e      0x105 ./Static_Code/System/CPU_Init.o
 .debug_macro   0x00015123       0x10 ./Static_Code/System/CPU_Init.o
 .debug_macro   0x00015133       0x1f ./Static_Code/System/CPU_Init.o
 .debug_macro   0x00015152      0x375 ./Static_Code/System/CPU_Init.o
 .debug_macro   0x000154c7       0xc0 ./Static_Code/System/CPU_Init.o
 .debug_macro   0x00015587       0x8c ./Static_Code/System/CPU_Init.o
 .debug_macro   0x00015613       0x94 ./Static_Code/System/CPU_Init.o
 .debug_macro   0x000156a7       0x7f ./Static_Code/System/CPU_Init.o
 .debug_macro   0x00015726       0x97 ./Static_Code/System/CPU_Init.o
 .debug_macro   0x000157bd       0x19 ./Static_Code/System/CPU_Init.o
 .debug_macro   0x000157d6      0x314 ./Static_Code/System/CPU_Init.o
 .debug_macro   0x00015aea      0x29e ./Static_Code/System/CPU_Init.o
 .debug_macro   0x00015d88      0x368 ./Static_Code/System/Vectors.o
 .debug_macro   0x000160f0      0x300 ./Sources/Application.o
 .debug_macro   0x000163f0      0x4ac ./Sources/Events.o
 .debug_macro   0x0001689c      0x61c ./Sources/Events.o
 .debug_macro   0x00016eb8      0x625 ./Sources/Events.o
 .debug_macro   0x000174dd      0x328 ./Sources/Events.o
 .debug_macro   0x00017805      0x1e9 ./Sources/Events.o
 .debug_macro   0x000179ee      0x109 ./Sources/Events.o
 .debug_macro   0x00017af7      0x17f ./Sources/Events.o
 .debug_macro   0x00017c76      0x202 ./Sources/Events.o
 .debug_macro   0x00017e78      0x91e ./Sources/Events.o
 .debug_macro   0x00018796      0x585 ./Sources/Events.o
 .debug_macro   0x00018d1b       0x9e ./Sources/Events.o
 .debug_macro   0x00018db9      0x1f9 ./Sources/Events.o
 .debug_macro   0x00018fb2      0x50f ./Sources/Events.o
 .debug_macro   0x000194c1      0x6a6 ./Sources/Events.o
 .debug_macro   0x00019b67      0x29c ./Sources/Events.o
 .debug_macro   0x00019e03      0x264 ./Sources/Events.o
 .debug_macro   0x0001a067      0x25b ./Sources/Events.o
 .debug_macro   0x0001a2c2      0x4f1 ./Sources/Events.o
 .debug_macro   0x0001a7b3      0x13f ./Sources/Events.o
 .debug_macro   0x0001a8f2       0x6c ./Sources/Events.o
 .debug_macro   0x0001a95e      0x30d ./Sources/Events.o
 .debug_macro   0x0001ac6b       0xbb ./Sources/Events.o
 .debug_macro   0x0001ad26       0xe9 ./Sources/Events.o
 .debug_macro   0x0001ae0f      0x4ea ./Sources/Events.o
 .debug_macro   0x0001b2f9      0x18f ./Sources/Events.o
 .debug_macro   0x0001b488       0xea ./Sources/Events.o
 .debug_macro   0x0001b572      0x344 ./Sources/Events.o
 .debug_macro   0x0001b8b6      0x824 ./Sources/Events.o
 .debug_macro   0x0001c0da      0x179 ./Sources/Events.o
 .debug_macro   0x0001c253      0x644 ./Sources/Events.o
 .debug_macro   0x0001c897      0xa28 ./Sources/Events.o
 .debug_macro   0x0001d2bf      0x124 ./Sources/Events.o
 .debug_macro   0x0001d3e3      0x648 ./Sources/Events.o
 .debug_macro   0x0001da2b       0x81 ./Sources/Events.o
 .debug_macro   0x0001daac      0x7bf ./Sources/Events.o
 .debug_macro   0x0001e26b      0x10f ./Sources/Events.o
 .debug_macro   0x0001e37a      0x66f ./Sources/Events.o
 .debug_macro   0x0001e9e9       0x7b ./Sources/Events.o
 .debug_macro   0x0001ea64      0x182 ./Sources/Events.o
 .debug_macro   0x0001ebe6      0x4bc ./Sources/main.o
 .debug_macro   0x0001f0a2      0x121 ./Project_Settings/Startup_Code/startup.o
 .debug_macro   0x0001f1c3       0x4a ./Project_Settings/Startup_Code/startup.o
 .debug_macro   0x0001f20d       0x16 ./Project_Settings/Startup_Code/startup.o
 .debug_macro   0x0001f223       0x22 ./Project_Settings/Startup_Code/startup.o
 .debug_macro   0x0001f245       0x10 ./Project_Settings/Startup_Code/startup.o
 .debug_macro   0x0001f255      0x20f ./Project_Settings/Startup_Code/startup.o
 .debug_macro   0x0001f464    0x110a2 ./Project_Settings/Startup_Code/startup.o
 .debug_macro   0x00030506      0x171 ./Generated_Code/BitIoLdd1.o
 .debug_macro   0x00030677     0x177d ./Generated_Code/BitIoLdd1.o
 .debug_macro   0x00031df4      0x259 ./Generated_Code/BitIoLdd1.o
 .debug_macro   0x0003204d      0x171 ./Generated_Code/BitIoLdd2.o
 .debug_macro   0x000321be       0x40 ./Generated_Code/BitIoLdd2.o
 .debug_macro   0x000321fe      0x171 ./Generated_Code/BitIoLdd3.o
 .debug_macro   0x0003236f       0x40 ./Generated_Code/BitIoLdd3.o
 .debug_macro   0x000323af      0x36f ./Generated_Code/Cpu.o
 .debug_macro   0x0003271e      0x244 ./Generated_Code/FRTOS1.o
 .debug_macro   0x00032962       0x1c ./Generated_Code/FRTOS1.o
 .debug_macro   0x0003297e      0x134 ./Generated_Code/LED1.o
 .debug_macro   0x00032ab2      0x134 ./Generated_Code/LED2.o
 .debug_macro   0x00032be6      0x134 ./Generated_Code/LED3.o
 .debug_macro   0x00032d1a      0x31d ./Generated_Code/PE_LDD.o
 .debug_macro   0x00033037      0x1e7 ./Generated_Code/heap_4.o
 .debug_macro   0x0003321e      0x1b4 ./Generated_Code/list.o
 .debug_macro   0x000333d2      0x2af ./Generated_Code/port.o
 .debug_macro   0x00033681      0x23f ./Generated_Code/queue.o
 .debug_macro   0x000338c0      0x29f ./Generated_Code/tasks.o
 .debug_macro   0x00033b5f       0x10 ./Generated_Code/tasks.o

.debug_line     0x00000000     0x7982
 .debug_line    0x00000000      0x778 ./Static_Code/System/CPU_Init.o
 .debug_line    0x00000778      0xcc3 ./Static_Code/System/Vectors.o
 .debug_line    0x0000143b      0x5c3 ./Sources/Application.o
 .debug_line    0x000019fe      0x7d6 ./Sources/Events.o
 .debug_line    0x000021d4      0x79e ./Sources/main.o
 .debug_line    0x00002972      0x3ad ./Project_Settings/Startup_Code/startup.o
 .debug_line    0x00002d1f      0x406 ./Generated_Code/BitIoLdd1.o
 .debug_line    0x00003125      0x406 ./Generated_Code/BitIoLdd2.o
 .debug_line    0x0000352b      0x406 ./Generated_Code/BitIoLdd3.o
 .debug_line    0x00003931      0x631 ./Generated_Code/Cpu.o
 .debug_line    0x00003f62      0x49a ./Generated_Code/FRTOS1.o
 .debug_line    0x000043fc      0x365 ./Generated_Code/LED1.o
 .debug_line    0x00004761      0x365 ./Generated_Code/LED2.o
 .debug_line    0x00004ac6      0x365 ./Generated_Code/LED3.o
 .debug_line    0x00004e2b      0x5bc ./Generated_Code/PE_LDD.o
 .debug_line    0x000053e7      0x4c5 ./Generated_Code/heap_4.o
 .debug_line    0x000058ac      0x41b ./Generated_Code/list.o
 .debug_line    0x00005cc7      0x515 ./Generated_Code/port.o
 .debug_line    0x000061dc      0x9e4 ./Generated_Code/queue.o
 .debug_line    0x00006bc0      0xdc2 ./Generated_Code/tasks.o

.debug_str      0x00000000    0xf6c9c
 .debug_str     0x00000000    0x78047 ./Static_Code/System/CPU_Init.o
                              0x78266 (size before relaxing)
 .debug_str     0x00078047      0x98a ./Static_Code/System/Vectors.o
                              0x78609 (size before relaxing)
 .debug_str     0x000789d1       0x9e ./Sources/Application.o
                              0x76cff (size before relaxing)
 .debug_str     0x00078a6f    0x7b162 ./Sources/Events.o
                              0xf1e0f (size before relaxing)
 .debug_str     0x000f3bd1       0x3c ./Sources/main.o
                              0xf1da5 (size before relaxing)
 .debug_str     0x000f3c0d      0x181 ./Project_Settings/Startup_Code/startup.o
                              0x63691 (size before relaxing)
 .debug_str     0x000f3d8e      0x131 ./Generated_Code/BitIoLdd1.o
                              0x6f795 (size before relaxing)
 .debug_str     0x000f3ebf       0xa0 ./Generated_Code/BitIoLdd2.o
                              0x6f795 (size before relaxing)
 .debug_str     0x000f3f5f       0xa0 ./Generated_Code/BitIoLdd3.o
                              0x6f795 (size before relaxing)
 .debug_str     0x000f3fff       0x28 ./Generated_Code/Cpu.o
                              0x76c51 (size before relaxing)
 .debug_str     0x000f4027       0xf4 ./Generated_Code/FRTOS1.o
                              0x753ad (size before relaxing)
 .debug_str     0x000f411b       0x45 ./Generated_Code/LED1.o
                              0x6c086 (size before relaxing)
 .debug_str     0x000f4160       0x3f ./Generated_Code/LED2.o
                              0x6c086 (size before relaxing)
 .debug_str     0x000f419f       0x3f ./Generated_Code/LED3.o
                              0x6c086 (size before relaxing)
 .debug_str     0x000f41de      0x166 ./Generated_Code/PE_LDD.o
                              0x76dea (size before relaxing)
 .debug_str     0x000f4344      0x277 ./Generated_Code/heap_4.o
                              0x70556 (size before relaxing)
 .debug_str     0x000f45bb      0x124 ./Generated_Code/list.o
                              0x6fe4a (size before relaxing)
 .debug_str     0x000f46df      0xba6 ./Generated_Code/port.o
                              0x70037 (size before relaxing)
 .debug_str     0x000f5285      0x724 ./Generated_Code/queue.o
                              0x72279 (size before relaxing)
 .debug_str     0x000f59a9     0x12f3 ./Generated_Code/tasks.o
                              0x72ee6 (size before relaxing)

.comment        0x00000000       0x70
 .comment       0x00000000       0x70 ./Static_Code/System/CPU_Init.o
                                 0x71 (size before relaxing)
 .comment       0x00000000       0x71 ./Static_Code/System/Vectors.o
 .comment       0x00000000       0x71 ./Sources/Application.o
 .comment       0x00000000       0x71 ./Sources/Events.o
 .comment       0x00000000       0x71 ./Sources/main.o
 .comment       0x00000000       0x71 ./Project_Settings/Startup_Code/startup.o
 .comment       0x00000000       0x71 ./Generated_Code/BitIoLdd1.o
 .comment       0x00000000       0x71 ./Generated_Code/BitIoLdd2.o
 .comment       0x00000000       0x71 ./Generated_Code/BitIoLdd3.o
 .comment       0x00000000       0x71 ./Generated_Code/Cpu.o
 .comment       0x00000000       0x71 ./Generated_Code/FRTOS1.o
 .comment       0x00000000       0x71 ./Generated_Code/LED1.o
 .comment       0x00000000       0x71 ./Generated_Code/LED2.o
 .comment       0x00000000       0x71 ./Generated_Code/LED3.o
 .comment       0x00000000       0x71 ./Generated_Code/PE_LDD.o
 .comment       0x00000000       0x71 ./Generated_Code/heap_4.o
 .comment       0x00000000       0x71 ./Generated_Code/list.o
 .comment       0x00000000       0x71 ./Generated_Code/port.o
 .comment       0x00000000       0x71 ./Generated_Code/queue.o
 .comment       0x00000000       0x71 ./Generated_Code/tasks.o

.debug_frame    0x00000000     0x2188
 .debug_frame   0x00000000       0xd4 ./Static_Code/System/CPU_Init.o
 .debug_frame   0x000000d4      0xcb0 ./Static_Code/System/Vectors.o
 .debug_frame   0x00000d84       0x90 ./Sources/Application.o
 .debug_frame   0x00000e14       0x8c ./Sources/Events.o
 .debug_frame   0x00000ea0       0x2c ./Sources/main.o
 .debug_frame   0x00000ecc       0xc0 ./Project_Settings/Startup_Code/startup.o
 .debug_frame   0x00000f8c       0x9c ./Generated_Code/BitIoLdd1.o
 .debug_frame   0x00001028       0x9c ./Generated_Code/BitIoLdd2.o
 .debug_frame   0x000010c4       0x9c ./Generated_Code/BitIoLdd3.o
 .debug_frame   0x00001160       0x50 ./Generated_Code/Cpu.o
 .debug_frame   0x000011b0       0x5c ./Generated_Code/FRTOS1.o
 .debug_frame   0x0000120c       0x64 ./Generated_Code/LED1.o
 .debug_frame   0x00001270       0x64 ./Generated_Code/LED2.o
 .debug_frame   0x000012d4       0x64 ./Generated_Code/LED3.o
 .debug_frame   0x00001338       0x64 ./Generated_Code/PE_LDD.o
 .debug_frame   0x0000139c       0xd0 ./Generated_Code/heap_4.o
 .debug_frame   0x0000146c       0x9c ./Generated_Code/list.o
 .debug_frame   0x00001508      0x1b8 ./Generated_Code/port.o
 .debug_frame   0x000016c0      0x3b4 ./Generated_Code/queue.o
 .debug_frame   0x00001a74      0x658 ./Generated_Code/tasks.o
 .debug_frame   0x000020cc       0x28 c:/freescale/kds_v3/toolchain/bin/../lib/gcc/arm-none-eabi/4.8.4/../../../../arm-none-eabi/lib/armv7e-m/fpu\libg_s.a(lib_a-exit.o)
 .debug_frame   0x000020f4       0x2c c:/freescale/kds_v3/toolchain/bin/../lib/gcc/arm-none-eabi/4.8.4/../../../../arm-none-eabi/lib/armv7e-m/fpu\libg_s.a(lib_a-init.o)
 .debug_frame   0x00002120       0x28 c:/freescale/kds_v3/toolchain/bin/../lib/gcc/arm-none-eabi/4.8.4/../../../../arm-none-eabi/lib/armv7e-m/fpu\libg_s.a(lib_a-memcpy-stub.o)
 .debug_frame   0x00002148       0x20 c:/freescale/kds_v3/toolchain/bin/../lib/gcc/arm-none-eabi/4.8.4/../../../../arm-none-eabi/lib/armv7e-m/fpu\libg_s.a(lib_a-memset.o)
 .debug_frame   0x00002168       0x20 c:/freescale/kds_v3/toolchain/bin/../lib/gcc/arm-none-eabi/4.8.4/../../../../arm-none-eabi/lib/armv7e-m/fpu\libnosys.a(_exit.o)
